../Core/Src/main.c:87:5:main	8	static
../Core/Src/main.c:170:6:SystemClock_Config	88	static
../Core/Src/main.c:216:13:MX_ADC1_Init	24	static
../Core/Src/main.c:268:13:MX_TIM8_Init	32	static
../Core/Src/main.c:314:13:MX_UART4_Init	8	static
../Core/Src/main.c:347:13:MX_GPIO_Init	40	static
../Core/Src/main.c:373:6:HAL_ADC_ConvCpltCallback	16	static
../Core/Src/main.c:381:6:HAL_UART_RxCpltCallback	16	static
../Core/Src/main.c:403:6:HAL_UART_TxCpltCallback	16	static,ignoring_inline_asm
../Core/Src/main.c:414:6:Error_Handler	4	static,ignoring_inline_asm
